Just a friendly reminder! You have these tasks to finish today.
- Study 2's complement

These tasks need to be finished in the next three days!
- Study floating point representations by 31/08/23
- Study Unix filesystems by 01/09/23
- Study processes by 02/09/23
- Write an essay object-relational impedance by 02/09/23
- Learn set notation by 01/09/23

You have the following meetings today!
- ELEC1601 group meeting at 11:30

You have the following meetings scheduled over the next week!
- Michael Mai's welcome party on 31/08/23 at 18:00
- Flipping burgers development workshop on 31/08/23 at 08:00

What would you like to do?
1. Complete tasks
2. Add a new meeting.
3. Share a task.
4. Share a meeting.
5. Change Jafr's master directory.
6. Exit
